[backblue.gif]
[fade.gif]
[index.html]
[www.regular-expressions.info/index.html]
[www.regular-expressions.info/img/logo.gif]
[www.regular-expressions.info/img/rxb48.gif]
[www.regular-expressions.info/regex.css]
[www.regular-expressions.info/img/rxb.gif]
[www.regular-expressions.info/tutorial.html]
[www.regular-expressions.info/tools.html]
[www.regular-expressions.info/examples.html]
[www.regular-expressions.info/books.html]
[www.regular-expressions.info/regexbuddy/filemask.html]
[www.regular-expressions.info/editpadpro.html]
[www.regular-expressions.info/powergrep.html]
[www.regular-expressions.info/regexbuddy/email.html]
[www.regular-expressions.info/perl.html]
[www.regular-expressions.info/img/pgr.gif]
[www.regular-expressions.info/img/bg.png]
[www.regular-expressions.info/img/top.gif]
[www.regular-expressions.info/img/btnbg.gif]
[www.regular-expressions.info/img/btn.gif]
[www.regular-expressions.info/img/btnhot.gif]
[www.regular-expressions.info/php.html]
[www.regular-expressions.info/java.html]
[www.regular-expressions.info/dotnet.html]
[www.regexbuddy.com/img/anchor.gif]
[www.regexbuddy.com/img/capture.gif]
[www.regexbuddy.com/img/alternation.gif]
[www.regexbuddy.com/img/atomic.gif]
[www.regexbuddy.com/img/backref.gif]
[www.regexbuddy.com/img/charclass.gif]
[www.regexbuddy.com/img/comment.gif]
[www.regexbuddy.com/img/error.gif]
[www.regexbuddy.com/img/group.gif]
[www.regexbuddy.com/img/literal.gif]
[www.regexbuddy.com/img/lookaround.gif]
[www.regexbuddy.com/img/repeat.gif]
[www.regexbuddy.com/img/option.gif]
[www.regexbuddy.com/img/special.gif]
[www.regular-expressions.info/screens/epptutorial.png]
[www.regular-expressions.info/quickstart.html]
[www.regular-expressions.info/index-2.html]
[www.regular-expressions.info/reference.html]
[www.regular-expressions.info/about.html]
[www.regular-expressions.info/print.html]
[www.regular-expressions.info/pcre.html]
[www.regular-expressions.info/regexbuddy/regex.html]
[www.regular-expressions.info/tutorialcnt.html]
[www.regular-expressions.info/characters.html]
[www.regular-expressions.info/engine.html]
[www.regular-expressions.info/charclass.html]
[www.regular-expressions.info/dot.html]
[www.regular-expressions.info/anchors.html]
[www.regular-expressions.info/wordboundaries.html]
[www.regular-expressions.info/alternation.html]
[www.regular-expressions.info/optional.html]
[www.regular-expressions.info/repeat.html]
[www.regular-expressions.info/brackets.html]
[www.regular-expressions.info/named.html]
[www.regular-expressions.info/unicode.html]
[www.regular-expressions.info/modifiers.html]
[www.regular-expressions.info/atomic.html]
[www.regular-expressions.info/lookaround.html]
[www.regular-expressions.info/lookaround2.html]
[www.regular-expressions.info/continue.html]
[www.regular-expressions.info/conditional.html]
[www.regular-expressions.info/comments.html]
[www.regular-expressions.info/grep.html]
[www.regular-expressions.info/regexbuddy.html]
[www.regular-expressions.info/delphi.html]
[www.regular-expressions.info/javascript.html]
[www.regular-expressions.info/python.html]
[www.regular-expressions.info/ruby.html]
[www.regular-expressions.info/regexbuddy/htmltagpair.html]
[www.regular-expressions.info/regexbuddy/htmltagpairany.html]
[www.regular-expressions.info/regexbuddy/whitelead.html]
[www.regular-expressions.info/regexbuddy/whitetrail.html]
[www.regular-expressions.info/regexbuddy/whiteboth.html]
[www.regular-expressions.info/regexbuddy/ipaccuratecapture.html]
[www.regular-expressions.info/regexbuddy/ipaccurate.html]
[www.regular-expressions.info/regexbuddy/ipquick.html]
[www.regular-expressions.info/floatingpoint.html]
[www.regular-expressions.info/dates.html]
[www.regular-expressions.info/completelines.html]
[www.regular-expressions.info/duplicatelines.html]
[www.regular-expressions.info/examplesprogrammer.html]
[www.regular-expressions.info/near.html]
[www.regular-expressions.info/book10mins.html]
[www.regular-expressions.info/hipowls.html]
[www.regular-expressions.info/javabook.html]
[www.regular-expressions.info/bookrecipes.html]
[www.regular-expressions.info/books/javabooksmall.jpg]
[www.regular-expressions.info/bookrecipeswin.html]
[www.regular-expressions.info/screens/pgrpowergrep.png]
[www.regular-expressions.info/img/JG.jpg]
[www.regular-expressions.info/screens/rxbregexbuddy.png]
[www.regular-expressions.info/screens/eppeditpadpro.png]
[www.regular-expressions.info/screens/rxbcharclass.png]
[www.regular-expressions.info/refadv.html]
[www.regular-expressions.info/refunicode.html]
[www.regular-expressions.info/refext.html]
[www.regular-expressions.info/regexbuddy/highlight.js]
[www.regular-expressions.info/javaexample.html]
[www.regular-expressions.info/dotnetexample.html]
[www.regular-expressions.info/welcome.html]
[www.regular-expressions.info/regexbuddy/alternation.html]
[www.regular-expressions.info/regexbuddy/alternationoptimized.html]
[www.regular-expressions.info/regexbuddy/bracketshtmlpair.html]
[www.regular-expressions.info/regexbuddy/doubledword.html]
[www.regular-expressions.info/regexbuddy/atomicproblem.html]
[www.regular-expressions.info/regexbuddy/atomicsolution.html]
[www.regular-expressions.info/regexbuddy/atomic.html]
[www.regular-expressions.info/regexbuddy/atomicpossessive.html]
[www.regular-expressions.info/regexbuddy/lookaround2.html]
[www.regular-expressions.info/regexbuddy/lookaround2optimized.html]
[www.regular-expressions.info/screens/rxbcomments.png]
[www.regular-expressions.info/regexbuddy/lookaround2multi.html]
[www.regular-expressions.info/regexbuddy/comments.html]
[www.regular-expressions.info/javascriptexample.html]
[www.regular-expressions.info/regexbuddy/floatingpoint.html]
[www.regular-expressions.info/regexbuddy/scifloatingpoint.html]
[www.regular-expressions.info/regexbuddy/dateyyyymmdd.html]
[www.regular-expressions.info/regexbuddy/datemmddyyyy.html]
[www.regular-expressions.info/regexbuddy/dateddmmyyyy.html]
[www.regular-expressions.info/regexbuddy/completelinesone.html]
[www.regular-expressions.info/regexbuddy/completelinesall.html]
[www.regular-expressions.info/regexbuddy/completelinesnot.html]
[www.regular-expressions.info/regexbuddy/completelinesmultiple.html]
[www.regular-expressions.info/regexbuddy/duplicatecsv.html]
[www.regular-expressions.info/regexbuddy/commentsingle.html]
[www.regular-expressions.info/regexbuddy/prama.html]
[www.regular-expressions.info/regexbuddy/pragmaspace.html]
[www.regular-expressions.info/regexbuddy/commentmulti.html]
[www.regular-expressions.info/regexbuddy/string.html]
[www.regular-expressions.info/regexbuddy/stringmulti.html]
[www.regular-expressions.info/books/book10mins.jpg]
[www.regular-expressions.info/books/hipowlssmall.jpg]
[www.regular-expressions.info/regexbuddy/stringescaped.html]
[www.regular-expressions.info/regexbuddy/stringescapedmulti.html]
[www.regular-expressions.info/regexbuddy/hex.html]
[www.regular-expressions.info/regexbuddy/intfloat.html]
[www.regular-expressions.info/regexbuddy/float.html]
[www.regular-expressions.info/screens/csharpexample.png]
[www.regular-expressions.info/books/bookrecipeswin.jpg]
[www.regular-expressions.info/screens/javaexample.png]
[www.regular-expressions.info/regexbuddy/scifloatopt.html]
[www.regular-expressions.info/regexbuddy/scifloat.html]
[www.regular-expressions.info/books/bookrecipes.jpg]
[www.regular-expressions.info/regexbuddy/near.html]
[www.regular-expressions.info/regexbuddy/near2.html]
